Archive member included to satisfy reference by file (symbol)

/opt/st/stm32cubeide_1.15.1/plugins/com.st.stm32cube.ide.mcu.externaltools.gnu-tools-for-stm32.12.3.rel1.linux64_1.0.100.202403111256/tools/bin/../lib/gcc/arm-none-eabi/12.3.1/../../../../arm-none-eabi/lib/thumb/v7e-m+dp/hard/libc_nano.a(libc_a-exit.o)
                              /opt/st/stm32cubeide_1.15.1/plugins/com.st.stm32cube.ide.mcu.externaltools.gnu-tools-for-stm32.12.3.rel1.linux64_1.0.100.202403111256/tools/bin/../lib/gcc/arm-none-eabi/12.3.1/../../../../arm-none-eabi/lib/thumb/v7e-m+dp/hard/crt0.o (exit)
/opt/st/stm32cubeide_1.15.1/plugins/com.st.stm32cube.ide.mcu.externaltools.gnu-tools-for-stm32.12.3.rel1.linux64_1.0.100.202403111256/tools/bin/../lib/gcc/arm-none-eabi/12.3.1/../../../../arm-none-eabi/lib/thumb/v7e-m+dp/hard/libc_nano.a(libc_a-findfp.o)
                              /opt/st/stm32cubeide_1.15.1/plugins/com.st.stm32cube.ide.mcu.externaltools.gnu-tools-for-stm32.12.3.rel1.linux64_1.0.100.202403111256/tools/bin/../lib/gcc/arm-none-eabi/12.3.1/../../../../arm-none-eabi/lib/thumb/v7e-m+dp/hard/libc_nano.a(libc_a-exit.o) (__stdio_exit_handler)
/opt/st/stm32cubeide_1.15.1/plugins/com.st.stm32cube.ide.mcu.externaltools.gnu-tools-for-stm32.12.3.rel1.linux64_1.0.100.202403111256/tools/bin/../lib/gcc/arm-none-eabi/12.3.1/../../../../arm-none-eabi/lib/thumb/v7e-m+dp/hard/libc_nano.a(libc_a-fwalk.o)
                              /opt/st/stm32cubeide_1.15.1/plugins/com.st.stm32cube.ide.mcu.externaltools.gnu-tools-for-stm32.12.3.rel1.linux64_1.0.100.202403111256/tools/bin/../lib/gcc/arm-none-eabi/12.3.1/../../../../arm-none-eabi/lib/thumb/v7e-m+dp/hard/libc_nano.a(libc_a-findfp.o) (_fwalk_sglue)
/opt/st/stm32cubeide_1.15.1/plugins/com.st.stm32cube.ide.mcu.externaltools.gnu-tools-for-stm32.12.3.rel1.linux64_1.0.100.202403111256/tools/bin/../lib/gcc/arm-none-eabi/12.3.1/../../../../arm-none-eabi/lib/thumb/v7e-m+dp/hard/libc_nano.a(libc_a-stdio.o)
                              /opt/st/stm32cubeide_1.15.1/plugins/com.st.stm32cube.ide.mcu.externaltools.gnu-tools-for-stm32.12.3.rel1.linux64_1.0.100.202403111256/tools/bin/../lib/gcc/arm-none-eabi/12.3.1/../../../../arm-none-eabi/lib/thumb/v7e-m+dp/hard/libc_nano.a(libc_a-findfp.o) (__sread)
/opt/st/stm32cubeide_1.15.1/plugins/com.st.stm32cube.ide.mcu.externaltools.gnu-tools-for-stm32.12.3.rel1.linux64_1.0.100.202403111256/tools/bin/../lib/gcc/arm-none-eabi/12.3.1/../../../../arm-none-eabi/lib/thumb/v7e-m+dp/hard/libc_nano.a(libc_a-memset.o)
                              /opt/st/stm32cubeide_1.15.1/plugins/com.st.stm32cube.ide.mcu.externaltools.gnu-tools-for-stm32.12.3.rel1.linux64_1.0.100.202403111256/tools/bin/../lib/gcc/arm-none-eabi/12.3.1/../../../../arm-none-eabi/lib/thumb/v7e-m+dp/hard/crt0.o (memset)
/opt/st/stm32cubeide_1.15.1/plugins/com.st.stm32cube.ide.mcu.externaltools.gnu-tools-for-stm32.12.3.rel1.linux64_1.0.100.202403111256/tools/bin/../lib/gcc/arm-none-eabi/12.3.1/../../../../arm-none-eabi/lib/thumb/v7e-m+dp/hard/libc_nano.a(libc_a-closer.o)
                              /opt/st/stm32cubeide_1.15.1/plugins/com.st.stm32cube.ide.mcu.externaltools.gnu-tools-for-stm32.12.3.rel1.linux64_1.0.100.202403111256/tools/bin/../lib/gcc/arm-none-eabi/12.3.1/../../../../arm-none-eabi/lib/thumb/v7e-m+dp/hard/libc_nano.a(libc_a-stdio.o) (_close_r)
/opt/st/stm32cubeide_1.15.1/plugins/com.st.stm32cube.ide.mcu.externaltools.gnu-tools-for-stm32.12.3.rel1.linux64_1.0.100.202403111256/tools/bin/../lib/gcc/arm-none-eabi/12.3.1/../../../../arm-none-eabi/lib/thumb/v7e-m+dp/hard/libc_nano.a(libc_a-reent.o)
                              /opt/st/stm32cubeide_1.15.1/plugins/com.st.stm32cube.ide.mcu.externaltools.gnu-tools-for-stm32.12.3.rel1.linux64_1.0.100.202403111256/tools/bin/../lib/gcc/arm-none-eabi/12.3.1/../../../../arm-none-eabi/lib/thumb/v7e-m+dp/hard/libc_nano.a(libc_a-closer.o) (errno)
/opt/st/stm32cubeide_1.15.1/plugins/com.st.stm32cube.ide.mcu.externaltools.gnu-tools-for-stm32.12.3.rel1.linux64_1.0.100.202403111256/tools/bin/../lib/gcc/arm-none-eabi/12.3.1/../../../../arm-none-eabi/lib/thumb/v7e-m+dp/hard/libc_nano.a(libc_a-impure.o)
                              /opt/st/stm32cubeide_1.15.1/plugins/com.st.stm32cube.ide.mcu.externaltools.gnu-tools-for-stm32.12.3.rel1.linux64_1.0.100.202403111256/tools/bin/../lib/gcc/arm-none-eabi/12.3.1/../../../../arm-none-eabi/lib/thumb/v7e-m+dp/hard/libc_nano.a(libc_a-reent.o) (_impure_ptr)
/opt/st/stm32cubeide_1.15.1/plugins/com.st.stm32cube.ide.mcu.externaltools.gnu-tools-for-stm32.12.3.rel1.linux64_1.0.100.202403111256/tools/bin/../lib/gcc/arm-none-eabi/12.3.1/../../../../arm-none-eabi/lib/thumb/v7e-m+dp/hard/libc_nano.a(libc_a-lseekr.o)
                              /opt/st/stm32cubeide_1.15.1/plugins/com.st.stm32cube.ide.mcu.externaltools.gnu-tools-for-stm32.12.3.rel1.linux64_1.0.100.202403111256/tools/bin/../lib/gcc/arm-none-eabi/12.3.1/../../../../arm-none-eabi/lib/thumb/v7e-m+dp/hard/libc_nano.a(libc_a-stdio.o) (_lseek_r)
[...]
Memory Configuration

Name             Origin             Length             Attributes
RAM              0x20000000         0x00080000         xrw
FLASH            0x08000000         0x00200000         xr
*default*        0x00000000         0xffffffff

Linker script and memory map

LOAD /opt/st/stm32cubeide_1.15.1/plugins/com.st.stm32cube.ide.mcu.externaltools.gnu-tools-for-stm32.12.3.rel1.linux64_1.0.100.202403111256/tools/bin/../lib/gcc/arm-none-eabi/12.3.1/thumb/v7e-m+dp/hard/crti.o
LOAD /opt/st/stm32cubeide_1.15.1/plugins/com.st.stm32cube.ide.mcu.externaltools.gnu-tools-for-stm32.12.3.rel1.linux64_1.0.100.202403111256/tools/bin/../lib/gcc/arm-none-eabi/12.3.1/thumb/v7e-m+dp/hard/crtbegin.o
LOAD /opt/st/stm32cubeide_1.15.1/plugins/com.st.stm32cube.ide.mcu.externaltools.gnu-tools-for-stm32.12.3.rel1.linux64_1.0.100.202403111256/tools/bin/../lib/gcc/arm-none-eabi/12.3.1/../../../../arm-none-eabi/lib/thumb/v7e-m+dp/hard/crt0.o
LOAD ./Core/Src/main.o
LOAD ./Core/Src/stm32f7xx_hal_msp.o
LOAD ./Core/Src/stm32f7xx_it.o
LOAD ./Core/Src/syscalls.o
LOAD ./Core/Src/sysmem.o
LOAD ./Core/Src/system_stm32f7xx.o
LOAD ./Core/Startup/startup_stm32f767zitx.o
LOAD ./Drivers/STM32F7xx_HAL_Driver/Src/stm32f7xx_hal.o
LOAD ./Drivers/STM32F7xx_HAL_Driver/Src/stm32f7xx_hal_cortex.o
LOAD ./Drivers/STM32F7xx_HAL_Driver/Src/stm32f7xx_hal_dma.o
LOAD ./Drivers/STM32F7xx_HAL_Driver/Src/stm32f7xx_hal_dma_ex.o
LOAD ./Drivers/STM32F7xx_HAL_Driver/Src/stm32f7xx_hal_eth.o
LOAD ./Drivers/STM32F7xx_HAL_Driver/Src/stm32f7xx_hal_exti.o
LOAD ./Drivers/STM32F7xx_HAL_Driver/Src/stm32f7xx_hal_flash.o
LOAD ./Drivers/STM32F7xx_HAL_Driver/Src/stm32f7xx_hal_flash_ex.o
LOAD ./Drivers/STM32F7xx_HAL_Driver/Src/stm32f7xx_hal_gpio.o
LOAD ./Drivers/STM32F7xx_HAL_Driver/Src/stm32f7xx_hal_i2c.o
LOAD ./Drivers/STM32F7xx_HAL_Driver/Src/stm32f7xx_hal_i2c_ex.o
LOAD ./Drivers/STM32F7xx_HAL_Driver/Src/stm32f7xx_hal_pcd.o
LOAD ./Drivers/STM32F7xx_HAL_Driver/Src/stm32f7xx_hal_pcd_ex.o
LOAD ./Drivers/STM32F7xx_HAL_Driver/Src/stm32f7xx_hal_pwr.o
LOAD ./Drivers/STM32F7xx_HAL_Driver/Src/stm32f7xx_hal_pwr_ex.o
LOAD ./Drivers/STM32F7xx_HAL_Driver/Src/stm32f7xx_hal_rcc.o
LOAD ./Drivers/STM32F7xx_HAL_Driver/Src/stm32f7xx_hal_rcc_ex.o
LOAD ./Drivers/STM32F7xx_HAL_Driver/Src/stm32f7xx_hal_tim.o
LOAD ./Drivers/STM32F7xx_HAL_Driver/Src/stm32f7xx_hal_tim_ex.o
LOAD ./Drivers/STM32F7xx_HAL_Driver/Src/stm32f7xx_hal_uart.o
LOAD ./Drivers/STM32F7xx_HAL_Driver/Src/stm32f7xx_hal_uart_ex.o
LOAD ./Drivers/STM32F7xx_HAL_Driver/Src/stm32f7xx_ll_usb.o
START GROUP
LOAD /opt/st/stm32cubeide_1.15.1/plugins/com.st.stm32cube.ide.mcu.externaltools.gnu-tools-for-stm32.12.3.rel1.linux64_1.0.100.202403111256/tools/bin/../lib/gcc/arm-none-eabi/12.3.1/../../../../arm-none-eabi/lib/thumb/v7e-m+dp/hard/libc_nano.a
LOAD /opt/st/stm32cubeide_1.15.1/plugins/com.st.stm32cube.ide.mcu.externaltools.gnu-tools-for-stm32.12.3.rel1.linux64_1.0.100.202403111256/tools/bin/../lib/gcc/arm-none-eabi/12.3.1/../../../../arm-none-eabi/lib/thumb/v7e-m+dp/hard/libm.a
END GROUP
START GROUP
LOAD /opt/st/stm32cubeide_1.15.1/plugins/com.st.stm32cube.ide.mcu.externaltools.gnu-tools-for-stm32.12.3.rel1.linux64_1.0.100.202403111256/tools/bin/../lib/gcc/arm-none-eabi/12.3.1/thumb/v7e-m+dp/hard/libgcc.a
LOAD /opt/st/stm32cubeide_1.15.1/plugins/com.st.stm32cube.ide.mcu.externaltools.gnu-tools-for-stm32.12.3.rel1.linux64_1.0.100.202403111256/tools/bin/../lib/gcc/arm-none-eabi/12.3.1/../../../../arm-none-eabi/lib/thumb/v7e-m+dp/hard/libc_nano.a
END GROUP
START GROUP
LOAD /opt/st/stm32cubeide_1.15.1/plugins/com.st.stm32cube.ide.mcu.externaltools.gnu-tools-for-stm32.12.3.rel1.linux64_1.0.100.202403111256/tools/bin/../lib/gcc/arm-none-eabi/12.3.1/thumb/v7e-m+dp/hard/libgcc.a
LOAD /opt/st/stm32cubeide_1.15.1/plugins/com.st.stm32cube.ide.mcu.externaltools.gnu-tools-for-stm32.12.3.rel1.linux64_1.0.100.202403111256/tools/bin/../lib/gcc/arm-none-eabi/12.3.1/../../../../arm-none-eabi/lib/thumb/v7e-m+dp/hard/libc_nano.a
LOAD /opt/st/stm32cubeide_1.15.1/plugins/com.st.stm32cube.ide.mcu.externaltools.gnu-tools-for-stm32.12.3.rel1.linux64_1.0.100.202403111256/tools/bin/../lib/gcc/arm-none-eabi/12.3.1/../../../../arm-none-eabi/lib/thumb/v7e-m+dp/hard/libnosys.a
END GROUP
START GROUP
LOAD /opt/st/stm32cubeide_1.15.1/plugins/com.st.stm32cube.ide.mcu.externaltools.gnu-tools-for-stm32.12.3.rel1.linux64_1.0.100.202403111256/tools/bin/../lib/gcc/arm-none-eabi/12.3.1/thumb/v7e-m+dp/hard/libgcc.a
LOAD /opt/st/stm32cubeide_1.15.1/plugins/com.st.stm32cube.ide.mcu.externaltools.gnu-tools-for-stm32.12.3.rel1.linux64_1.0.100.202403111256/tools/bin/../lib/gcc/arm-none-eabi/12.3.1/../../../../arm-none-eabi/lib/thumb/v7e-m+dp/hard/libc_nano.a
LOAD /opt/st/stm32cubeide_1.15.1/plugins/com.st.stm32cube.ide.mcu.externaltools.gnu-tools-for-stm32.12.3.rel1.linux64_1.0.100.202403111256/tools/bin/../lib/gcc/arm-none-eabi/12.3.1/../../../../arm-none-eabi/lib/thumb/v7e-m+dp/hard/libnosys.a
END GROUP
LOAD /opt/st/stm32cubeide_1.15.1/plugins/com.st.stm32cube.ide.mcu.externaltools.gnu-tools-for-stm32.12.3.rel1.linux64_1.0.100.202403111256/tools/bin/../lib/gcc/arm-none-eabi/12.3.1/thumb/v7e-m+dp/hard/crtend.o
LOAD /opt/st/stm32cubeide_1.15.1/plugins/com.st.stm32cube.ide.mcu.externaltools.gnu-tools-for-stm32.12.3.rel1.linux64_1.0.100.202403111256/tools/bin/../lib/gcc/arm-none-eabi/12.3.1/thumb/v7e-m+dp/hard/crtn.o
                0x20080000                        _estack = (ORIGIN (RAM) + LENGTH (RAM))
                0x00000200                        _Min_Heap_Size = 0x200
                0x00000400                        _Min_Stack_Size = 0x400

.isr_vector     0x08000000      0x1f8
                0x08000000                        . = ALIGN (0x4)
 *(.isr_vector)
 .isr_vector    0x08000000      0x1f8 ./Core/Startup/startup_stm32f767zitx.o
                0x08000000                g_pfnVectors
                0x080001f8                        . = ALIGN (0x4)

.text           0x080001f8     0x3ea0
                0x080001f8                        . = ALIGN (0x4)
 *(.text)
 .text          0x080001f8       0x40 /opt/st/stm32cubeide_1.15.1/plugins/com.st.stm32cube.ide.mcu.externaltools.gnu-tools-for-stm32.12.3.rel1.linux64_1.0.100.202403111256/tools/bin/../lib/gcc/arm-none-eabi/12.3.1/thumb/v7e-m+dp/hard/crtbegin.o
 .text          0x08000238       0x30 /opt/st/stm32cubeide_1.15.1/plugins/com.st.stm32cube.ide.mcu.externaltools.gnu-tools-for-stm32.12.3.rel1.linux64_1.0.100.202403111256/tools/bin/../lib/gcc/arm-none-eabi/12.3.1/thumb/v7e-m+dp/hard/libgcc.a(_aeabi_uldivmod.o)
                0x08000238                __aeabi_uldivmod
 .text          0x08000268      0x2bc /opt/st/stm32cubeide_1.15.1/plugins/com.st.stm32cube.ide.mcu.externaltools.gnu-tools-for-stm32.12.3.rel1.linux64_1.0.100.202403111256/tools/bin/../lib/gcc/arm-none-eabi/12.3.1/thumb/v7e-m+dp/hard/libgcc.a(_udivmoddi4.o)
                0x08000268                __udivmoddi4
 .text          0x08000524        0x4 /opt/st/stm32cubeide_1.15.1/plugins/com.st.stm32cube.ide.mcu.externaltools.gnu-tools-for-stm32.12.3.rel1.linux64_1.0.100.202403111256/tools/bin/../lib/gcc/arm-none-eabi/12.3.1/thumb/v7e-m+dp/hard/libgcc.a(_dvmd_tls.o)
                0x08000524                __aeabi_ldiv0
                0x08000524                __aeabi_idiv0
 *(.text*)
 .text.main     0x08000528       0x9e ./Core/Src/main.o
                0x08000528                main
 *fill*         0x080005c6        0x2 
 .text.SystemClock_Config
                0x080005c8       0xe4 ./Core/Src/main.o
                0x080005c8                SystemClock_Config
 .text.MX_ETH_Init
                0x080006ac       0x9c ./Core/Src/main.o
 .text.MX_USART3_UART_Init
                0x08000748       0x60 ./Core/Src/main.o
 .text.MX_USB_OTG_FS_PCD_Init
                0x080007a8       0x5c ./Core/Src/main.o
 .text.MX_GPIO_Init
                0x08000804      0x168 ./Core/Src/main.o
 .text.led_changer
                0x0800096c       0x9c ./Core/Src/main.o
                0x0800096c                led_changer
 .text.Error_Handler
                0x08000a08        0xc ./Core/Src/main.o
                0x08000a08                Error_Handler
 .text.HAL_MspInit
                0x08000a14       0x48 ./Core/Src/stm32f7xx_hal_msp.o
                0x08000a14                HAL_MspInit
 .text.HAL_ETH_MspInit
                0x08000a5c      0x170 ./Core/Src/stm32f7xx_hal_msp.o
                0x08000a5c                HAL_ETH_MspInit
 .text.HAL_UART_MspInit
                0x08000bcc       0xc0 ./Core/Src/stm32f7xx_hal_msp.o
                0x08000bcc                HAL_UART_MspInit
 .text.HAL_PCD_MspInit
                0x08000c8c       0xf4 ./Core/Src/stm32f7xx_hal_msp.o
                0x08000c8c                HAL_PCD_MspInit
 .text.NMI_Handler
                0x08000d80        0x8 ./Core/Src/stm32f7xx_it.o
                0x08000d80                NMI_Handler
 .text.HardFault_Handler
                0x08000d88        0x8 ./Core/Src/stm32f7xx_it.o
                0x08000d88                HardFault_Handler
 .text.MemManage_Handler
                0x08000d90        0x8 ./Core/Src/stm32f7xx_it.o
                0x08000d90                MemManage_Handler
 .text.BusFault_Handler
                0x08000d98        0x8 ./Core/Src/stm32f7xx_it.o
                0x08000d98                BusFault_Handler
 .text.UsageFault_Handler
                0x08000da0        0x8 ./Core/Src/stm32f7xx_it.o
                0x08000da0                UsageFault_Handler
 .text.SVC_Handler
                0x08000da8        0xe ./Core/Src/stm32f7xx_it.o
                0x08000da8                SVC_Handler
 .text.DebugMon_Handler
                0x08000db6        0xe ./Core/Src/stm32f7xx_it.o
                0x08000db6                DebugMon_Handler
 .text.PendSV_Handler
                0x08000dc4        0xe ./Core/Src/stm32f7xx_it.o
                0x08000dc4                PendSV_Handler
 .text.SysTick_Handler
                0x08000dd2        0xc ./Core/Src/stm32f7xx_it.o
                0x08000dd2                SysTick_Handler
 *fill*         0x08000dde        0x2 
 .text.SystemInit
                0x08000de0       0x24 ./Core/Src/system_stm32f7xx.o
                0x08000de0                SystemInit
 .text.Reset_Handler
                0x08000e04       0x50 ./Core/Startup/startup_stm32f767zitx.o
                0x08000e04                Reset_Handler
 .text.Default_Handler
                0x08000e54        0x2 ./Core/Startup/startup_stm32f767zitx.o
                0x08000e54                RTC_Alarm_IRQHandler
                0x08000e54                EXTI2_IRQHandler
                0x08000e54                TIM8_CC_IRQHandler
                0x08000e54                UART8_IRQHandler
                0x08000e54                SPI4_IRQHandler
                0x08000e54                TIM1_CC_IRQHandler
                0x08000e54                DMA2_Stream5_IRQHandler
                0x08000e54                JPEG_IRQHandler
                0x08000e54                DMA1_Stream5_IRQHandler
                0x08000e54                CAN3_RX1_IRQHandler
                0x08000e54                PVD_IRQHandler
                0x08000e54                TAMP_STAMP_IRQHandler
                0x08000e54                CAN2_RX1_IRQHandler
                0x08000e54                EXTI3_IRQHandler
                0x08000e54                TIM8_TRG_COM_TIM14_IRQHandler
                0x08000e54                DFSDM1_FLT1_IRQHandler
                0x08000e54                TIM1_UP_TIM10_IRQHandler
                0x08000e54                TIM8_UP_TIM13_IRQHandler
                0x08000e54                I2C3_ER_IRQHandler
                0x08000e54                DFSDM1_FLT2_IRQHandler
                0x08000e54                EXTI0_IRQHandler
                0x08000e54                I2C2_EV_IRQHandler
                0x08000e54                DMA1_Stream2_IRQHandler
                0x08000e54                CAN1_RX0_IRQHandler
                0x08000e54                FPU_IRQHandler
                0x08000e54                OTG_HS_WKUP_IRQHandler
                0x08000e54                CAN3_SCE_IRQHandler
                0x08000e54                LTDC_ER_IRQHandler
                0x08000e54                CAN2_SCE_IRQHandler
                0x08000e54                DMA2_Stream2_IRQHandler
                0x08000e54                SPI1_IRQHandler
                0x08000e54                TIM6_DAC_IRQHandler
                0x08000e54                TIM1_BRK_TIM9_IRQHandler
                0x08000e54                DCMI_IRQHandler
                0x08000e54                CAN2_RX0_IRQHandler
                0x08000e54                DMA2_Stream3_IRQHandler
                0x08000e54                SAI2_IRQHandler
                0x08000e54                DFSDM1_FLT3_IRQHandler
                0x08000e54                USART6_IRQHandler
                0x08000e54                CAN3_RX0_IRQHandler
                0x08000e54                USART3_IRQHandler
                0x08000e54                CAN1_RX1_IRQHandler
                0x08000e54                UART5_IRQHandler
                0x08000e54                DMA2_Stream0_IRQHandler
                0x08000e54                TIM4_IRQHandler
                0x08000e54                QUADSPI_IRQHandler
                0x08000e54                I2C1_EV_IRQHandler
                0x08000e54                DMA1_Stream6_IRQHandler
                0x08000e54                DMA1_Stream1_IRQHandler
                0x08000e54                UART4_IRQHandler
                0x08000e54                TIM3_IRQHandler
                0x08000e54                RCC_IRQHandler
                0x08000e54                TIM8_BRK_TIM12_IRQHandler
                0x08000e54                Default_Handler
                0x08000e54                CEC_IRQHandler
                0x08000e54                EXTI15_10_IRQHandler
                0x08000e54                ADC_IRQHandler
                0x08000e54                DMA1_Stream7_IRQHandler
                0x08000e54                SPI5_IRQHandler
                0x08000e54                TIM7_IRQHandler
                0x08000e54                SDMMC1_IRQHandler
                0x08000e54                CAN2_TX_IRQHandler
                0x08000e54                TIM5_IRQHandler
                0x08000e54                DMA2_Stream7_IRQHandler
                0x08000e54                I2C3_EV_IRQHandler
                0x08000e54                EXTI9_5_IRQHandler
                0x08000e54                RTC_WKUP_IRQHandler
                0x08000e54                LTDC_IRQHandler
                0x08000e54                ETH_WKUP_IRQHandler
                0x08000e54                SPDIF_RX_IRQHandler
                0x08000e54                SPI2_IRQHandler
                0x08000e54                OTG_HS_EP1_IN_IRQHandler
                0x08000e54                DMA1_Stream0_IRQHandler
                0x08000e54                CAN1_TX_IRQHandler
                0x08000e54                EXTI4_IRQHandler
                0x08000e54                RNG_IRQHandler
                0x08000e54                ETH_IRQHandler
                0x08000e54                OTG_HS_EP1_OUT_IRQHandler
                0x08000e54                WWDG_IRQHandler
                0x08000e54                SPI6_IRQHandler
                0x08000e54                MDIOS_IRQHandler
                0x08000e54                I2C4_EV_IRQHandler
                0x08000e54                CAN3_TX_IRQHandler
                0x08000e54                TIM2_IRQHandler
                0x08000e54                OTG_FS_WKUP_IRQHandler
                0x08000e54                TIM1_TRG_COM_TIM11_IRQHandler
                0x08000e54                OTG_HS_IRQHandler
                0x08000e54                DMA2D_IRQHandler
                0x08000e54                EXTI1_IRQHandler
                0x08000e54                SDMMC2_IRQHandler
                0x08000e54                UART7_IRQHandler
                0x08000e54                USART2_IRQHandler
                0x08000e54                DFSDM1_FLT0_IRQHandler
                0x08000e54                I2C2_ER_IRQHandler
                0x08000e54                DMA2_Stream1_IRQHandler
                0x08000e54                CAN1_SCE_IRQHandler
                0x08000e54                FLASH_IRQHandler
                0x08000e54                DMA2_Stream4_IRQHandler
                0x08000e54                USART1_IRQHandler
                0x08000e54                OTG_FS_IRQHandler
                0x08000e54                SPI3_IRQHandler
                0x08000e54                DMA1_Stream4_IRQHandler
                0x08000e54                I2C1_ER_IRQHandler
                0x08000e54                FMC_IRQHandler
                0x08000e54                LPTIM1_IRQHandler
                0x08000e54                I2C4_ER_IRQHandler
                0x08000e54                DMA2_Stream6_IRQHandler
                0x08000e54                SAI1_IRQHandler
                0x08000e54                DMA1_Stream3_IRQHandler
 .text.HAL_Init
                0x08000e56       0x1a ./Drivers/STM32F7xx_HAL_Driver/Src/stm32f7xx_hal.o
                0x08000e56                HAL_Init
 .text.HAL_InitTick
                0x08000e70       0x60 ./Drivers/STM32F7xx_HAL_Driver/Src/stm32f7xx_hal.o
                0x08000e70                HAL_InitTick
 .text.HAL_IncTick
                0x08000ed0       0x28 ./Drivers/STM32F7xx_HAL_Driver/Src/stm32f7xx_hal.o
                0x08000ed0                HAL_IncTick
 .text.HAL_GetTick
                0x08000ef8       0x18 ./Drivers/STM32F7xx_HAL_Driver/Src/stm32f7xx_hal.o
                0x08000ef8                HAL_GetTick
 .text.HAL_Delay
                0x08000f10       0x48 ./Drivers/STM32F7xx_HAL_Driver/Src/stm32f7xx_hal.o
                0x08000f10                HAL_Delay
 .text.__NVIC_SetPriorityGrouping
                0x08000f58       0x48 ./Drivers/STM32F7xx_HAL_Driver/Src/stm32f7xx_hal_cortex.o
 .text.__NVIC_GetPriorityGrouping
                0x08000fa0       0x1c ./Drivers/STM32F7xx_HAL_Driver/Src/stm32f7xx_hal_cortex.o
 .text.__NVIC_SetPriority
                0x08000fbc       0x54 ./Drivers/STM32F7xx_HAL_Driver/Src/stm32f7xx_hal_cortex.o
 .text.NVIC_EncodePriority
                0x08001010       0x66 ./Drivers/STM32F7xx_HAL_Driver/Src/stm32f7xx_hal_cortex.o
 *fill*         0x08001076        0x2 
 .text.SysTick_Config
                0x08001078       0x44 ./Drivers/STM32F7xx_HAL_Driver/Src/stm32f7xx_hal_cortex.o
 .text.HAL_NVIC_SetPriorityGrouping
                0x080010bc       0x16 ./Drivers/STM32F7xx_HAL_Driver/Src/stm32f7xx_hal_cortex.o
                0x080010bc                HAL_NVIC_SetPriorityGrouping
 .text.HAL_NVIC_SetPriority
                0x080010d2       0x38 ./Drivers/STM32F7xx_HAL_Driver/Src/stm32f7xx_hal_cortex.o
                0x080010d2                HAL_NVIC_SetPriority
 .text.HAL_SYSTICK_Config
                0x0800110a       0x18 ./Drivers/STM32F7xx_HAL_Driver/Src/stm32f7xx_hal_cortex.o
                0x0800110a                HAL_SYSTICK_Config
 *fill*         0x08001122        0x2 
 .text.HAL_ETH_Init
                0x08001124      0x134 ./Drivers/STM32F7xx_HAL_Driver/Src/stm32f7xx_hal_eth.o
                0x08001124                HAL_ETH_Init
 .text.ETH_SetMACConfig
                0x08001258      0x168 ./Drivers/STM32F7xx_HAL_Driver/Src/stm32f7xx_hal_eth.o
 .text.ETH_SetDMAConfig
                0x080013c0      0x114 ./Drivers/STM32F7xx_HAL_Driver/Src/stm32f7xx_hal_eth.o
 .text.ETH_MACDMAConfig
                0x080014d4       0xea ./Drivers/STM32F7xx_HAL_Driver/Src/stm32f7xx_hal_eth.o
 *fill*         0x080015be        0x2 
 .text.ETH_MACAddressConfig
                0x080015c0       0x70 ./Drivers/STM32F7xx_HAL_Driver/Src/stm32f7xx_hal_eth.o
 .text.ETH_DMATxDescListInit
                0x08001630       0xb2 ./Drivers/STM32F7xx_HAL_Driver/Src/stm32f7xx_hal_eth.o
 .text.ETH_DMARxDescListInit
                0x080016e2       0xde ./Drivers/STM32F7xx_HAL_Driver/Src/stm32f7xx_hal_eth.o
 .text.HAL_GPIO_Init
                0x080017c0      0x358 ./Drivers/STM32F7xx_HAL_Driver/Src/stm32f7xx_hal_gpio.o
                0x080017c0                HAL_GPIO_Init
 .text.HAL_GPIO_WritePin
                0x08001b18       0x32 ./Drivers/STM32F7xx_HAL_Driver/Src/stm32f7xx_hal_gpio.o
                0x08001b18                HAL_GPIO_WritePin
 .text.HAL_GPIO_TogglePin
                0x08001b4a       0x34 ./Drivers/STM32F7xx_HAL_Driver/Src/stm32f7xx_hal_gpio.o
                0x08001b4a                HAL_GPIO_TogglePin
 .text.HAL_PCD_Init
                0x08001b7e      0x22c ./Drivers/STM32F7xx_HAL_Driver/Src/stm32f7xx_hal_pcd.o
                0x08001b7e                HAL_PCD_Init
 *fill*         0x08001daa        0x2 
 .text.HAL_PCDEx_ActivateLPM
                0x08001dac       0x48 ./Drivers/STM32F7xx_HAL_Driver/Src/stm32f7xx_hal_pcd_ex.o
                0x08001dac                HAL_PCDEx_ActivateLPM
 .text.HAL_PWR_EnableBkUpAccess
                0x08001df4       0x20 ./Drivers/STM32F7xx_HAL_Driver/Src/stm32f7xx_hal_pwr.o
                0x08001df4                HAL_PWR_EnableBkUpAccess
 .text.HAL_PWREx_EnableOverDrive
                0x08001e14       0xa0 ./Drivers/STM32F7xx_HAL_Driver/Src/stm32f7xx_hal_pwr_ex.o
                0x08001e14                HAL_PWREx_EnableOverDrive
 .text.HAL_RCC_OscConfig
                0x08001eb4      0x55c ./Drivers/STM32F7xx_HAL_Driver/Src/stm32f7xx_hal_rcc.o
                0x08001eb4                HAL_RCC_OscConfig
 .text.HAL_RCC_ClockConfig
                0x08002410      0x1d8 ./Drivers/STM32F7xx_HAL_Driver/Src/stm32f7xx_hal_rcc.o
                0x08002410                HAL_RCC_ClockConfig
 .text.HAL_RCC_GetSysClockFreq
                0x080025e8      0x20c ./Drivers/STM32F7xx_HAL_Driver/Src/stm32f7xx_hal_rcc.o
                0x080025e8                HAL_RCC_GetSysClockFreq
 .text.HAL_RCC_GetHCLKFreq
                0x080027f4       0x18 ./Drivers/STM32F7xx_HAL_Driver/Src/stm32f7xx_hal_rcc.o
                0x080027f4                HAL_RCC_GetHCLKFreq
 .text.HAL_RCC_GetPCLK1Freq
                0x0800280c       0x28 ./Drivers/STM32F7xx_HAL_Driver/Src/stm32f7xx_hal_rcc.o
                0x0800280c                HAL_RCC_GetPCLK1Freq
 .text.HAL_RCC_GetPCLK2Freq
                0x08002834       0x28 ./Drivers/STM32F7xx_HAL_Driver/Src/stm32f7xx_hal_rcc.o
                0x08002834                HAL_RCC_GetPCLK2Freq
 .text.HAL_RCCEx_PeriphCLKConfig
                0x0800285c      0x850 ./Drivers/STM32F7xx_HAL_Driver/Src/stm32f7xx_hal_rcc_ex.o
                0x0800285c                HAL_RCCEx_PeriphCLKConfig
 .text.HAL_UART_Init
                0x080030ac       0x9c ./Drivers/STM32F7xx_HAL_Driver/Src/stm32f7xx_hal_uart.o
                0x080030ac                HAL_UART_Init
 .text.UART_SetConfig
                0x08003148      0x4c8 ./Drivers/STM32F7xx_HAL_Driver/Src/stm32f7xx_hal_uart.o
                0x08003148                UART_SetConfig
 .text.UART_AdvFeatureConfig
                0x08003610      0x144 ./Drivers/STM32F7xx_HAL_Driver/Src/stm32f7xx_hal_uart.o
                0x08003610                UART_AdvFeatureConfig
 .text.UART_CheckIdleState
                0x08003754      0x150 ./Drivers/STM32F7xx_HAL_Driver/Src/stm32f7xx_hal_uart.o
                0x08003754                UART_CheckIdleState
 .text.UART_WaitOnFlagUntilTimeout
                0x080038a4       0xda ./Drivers/STM32F7xx_HAL_Driver/Src/stm32f7xx_hal_uart.o
                0x080038a4                UART_WaitOnFlagUntilTimeout
 .text.UART_EndRxTransfer
                0x0800397e       0xc8 ./Drivers/STM32F7xx_HAL_Driver/Src/stm32f7xx_hal_uart.o
 *fill*         0x08003a46        0x2 
 .text.USB_CoreInit
                0x08003a48       0xb4 ./Drivers/STM32F7xx_HAL_Driver/Src/stm32f7xx_ll_usb.o
                0x08003a48                USB_CoreInit
 .text.USB_DisableGlobalInt
                0x08003afc       0x22 ./Drivers/STM32F7xx_HAL_Driver/Src/stm32f7xx_ll_usb.o
                0x08003afc                USB_DisableGlobalInt
 .text.USB_SetCurrentMode
                0x08003b1e       0x98 ./Drivers/STM32F7xx_HAL_Driver/Src/stm32f7xx_ll_usb.o
                0x08003b1e                USB_SetCurrentMode
 *fill*         0x08003bb6        0x2 
 .text.USB_DevInit
                0x08003bb8      0x2bc ./Drivers/STM32F7xx_HAL_Driver/Src/stm32f7xx_ll_usb.o
                0x08003bb8                USB_DevInit
 .text.USB_FlushTxFifo
                0x08003e74       0x64 ./Drivers/STM32F7xx_HAL_Driver/Src/stm32f7xx_ll_usb.o
                0x08003e74                USB_FlushTxFifo
 .text.USB_FlushRxFifo
                0x08003ed8       0x5c ./Drivers/STM32F7xx_HAL_Driver/Src/stm32f7xx_ll_usb.o
                0x08003ed8                USB_FlushRxFifo
 .text.USB_SetDevSpeed
                0x08003f34       0x32 ./Drivers/STM32F7xx_HAL_Driver/Src/stm32f7xx_ll_usb.o
                0x08003f34                USB_SetDevSpeed
 .text.USB_DevDisconnect
                0x08003f66       0x42 ./Drivers/STM32F7xx_HAL_Driver/Src/stm32f7xx_ll_usb.o
                0x08003f66                USB_DevDisconnect
 .text.USB_GetMode
                0x08003fa8       0x1c ./Drivers/STM32F7xx_HAL_Driver/Src/stm32f7xx_ll_usb.o
                0x08003fa8                USB_GetMode
 .text.USB_CoreReset
                0x08003fc4       0x62 ./Drivers/STM32F7xx_HAL_Driver/Src/stm32f7xx_ll_usb.o
 .text.memset   0x08004026       0x10 /opt/st/stm32cubeide_1.15.1/plugins/com.st.stm32cube.ide.mcu.externaltools.gnu-tools-for-stm32.12.3.rel1.linux64_1.0.100.202403111256/tools/bin/../lib/gcc/arm-none-eabi/12.3.1/../../../../arm-none-eabi/lib/thumb/v7e-m+dp/hard/libc_nano.a(libc_a-memset.o)
                0x08004026                memset
 *fill*         0x08004036        0x2 
 .text.__libc_init_array
                0x08004038       0x48 /opt/st/stm32cubeide_1.15.1/plugins/com.st.stm32cube.ide.mcu.externaltools.gnu-tools-for-stm32.12.3.rel1.linux64_1.0.100.202403111256/tools/bin/../lib/gcc/arm-none-eabi/12.3.1/../../../../arm-none-eabi/lib/thumb/v7e-m+dp/hard/libc_nano.a(libc_a-init.o)
                0x08004038                __libc_init_array
 *(.glue_7)
 .glue_7        0x08004080        0x0 linker stubs
 *(.glue_7t)
 .glue_7t       0x08004080        0x0 linker stubs
 *(.eh_frame)
 .eh_frame      0x08004080        0x0 /opt/st/stm32cubeide_1.15.1/plugins/com.st.stm32cube.ide.mcu.externaltools.gnu-tools-for-stm32.12.3.rel1.linux64_1.0.100.202403111256/tools/bin/../lib/gcc/arm-none-eabi/12.3.1/thumb/v7e-m+dp/hard/crtbegin.o
 *(.init)
 .init          0x08004080        0x4 /opt/st/stm32cubeide_1.15.1/plugins/com.st.stm32cube.ide.mcu.externaltools.gnu-tools-for-stm32.12.3.rel1.linux64_1.0.100.202403111256/tools/bin/../lib/gcc/arm-none-eabi/12.3.1/thumb/v7e-m+dp/hard/crti.o
                0x08004080                _init
 .init          0x08004084        0x8 /opt/st/stm32cubeide_1.15.1/plugins/com.st.stm32cube.ide.mcu.externaltools.gnu-tools-for-stm32.12.3.rel1.linux64_1.0.100.202403111256/tools/bin/../lib/gcc/arm-none-eabi/12.3.1/thumb/v7e-m+dp/hard/crtn.o
 *(.fini)
 .fini          0x0800408c        0x4 /opt/st/stm32cubeide_1.15.1/plugins/com.st.stm32cube.ide.mcu.externaltools.gnu-tools-for-stm32.12.3.rel1.linux64_1.0.100.202403111256/tools/bin/../lib/gcc/arm-none-eabi/12.3.1/thumb/v7e-m+dp/hard/crti.o
                0x0800408c                _fini
 .fini          0x08004090        0x8 /opt/st/stm32cubeide_1.15.1/plugins/com.st.stm32cube.ide.mcu.externaltools.gnu-tools-for-stm32.12.3.rel1.linux64_1.0.100.202403111256/tools/bin/../lib/gcc/arm-none-eabi/12.3.1/thumb/v7e-m+dp/hard/crtn.o
                0x08004098                        . = ALIGN (0x4)
                0x08004098                        _etext = .

.vfp11_veneer   0x08004098        0x0
 .vfp11_veneer  0x08004098        0x0 linker stubs

.v4_bx          0x08004098        0x0
 .v4_bx         0x08004098        0x0 linker stubs

.iplt           0x08004098        0x0
 .iplt          0x08004098        0x0 /opt/st/stm32cubeide_1.15.1/plugins/com.st.stm32cube.ide.mcu.externaltools.gnu-tools-for-stm32.12.3.rel1.linux64_1.0.100.202403111256/tools/bin/../lib/gcc/arm-none-eabi/12.3.1/thumb/v7e-m+dp/hard/crtbegin.o

.rodata         0x08004098       0x18
                0x08004098                        . = ALIGN (0x4)
 *(.rodata)
 *(.rodata*)
 .rodata.AHBPrescTable
                0x08004098       0x10 ./Core/Src/system_stm32f7xx.o
                0x08004098                AHBPrescTable
 .rodata.APBPrescTable
                0x080040a8        0x8 ./Core/Src/system_stm32f7xx.o
                0x080040a8                APBPrescTable
                0x080040b0                        . = ALIGN (0x4)

.ARM.extab      0x080040b0        0x0
                0x080040b0                        . = ALIGN (0x4)
 *(.ARM.extab* .gnu.linkonce.armextab.*)
                0x080040b0                        . = ALIGN (0x4)

.ARM            0x080040b0        0x8
                0x080040b0                        . = ALIGN (0x4)
                0x080040b0                        __exidx_start = .
 *(.ARM.exidx*)
 .ARM.exidx     0x080040b0        0x8 /opt/st/stm32cubeide_1.15.1/plugins/com.st.stm32cube.ide.mcu.externaltools.gnu-tools-for-stm32.12.3.rel1.linux64_1.0.100.202403111256/tools/bin/../lib/gcc/arm-none-eabi/12.3.1/thumb/v7e-m+dp/hard/libgcc.a(_udivmoddi4.o)
                0x080040b8                        __exidx_end = .
                0x080040b8                        . = ALIGN (0x4)

.rel.dyn        0x080040b8        0x0
 .rel.iplt      0x080040b8        0x0 /opt/st/stm32cubeide_1.15.1/plugins/com.st.stm32cube.ide.mcu.externaltools.gnu-tools-for-stm32.12.3.rel1.linux64_1.0.100.202403111256/tools/bin/../lib/gcc/arm-none-eabi/12.3.1/thumb/v7e-m+dp/hard/crtbegin.o

.preinit_array  0x080040b8        0x0
                0x080040b8                        . = ALIGN (0x4)
                0x080040b8                        PROVIDE (__preinit_array_start = .)
 *(.preinit_array*)
                0x080040b8                        PROVIDE (__preinit_array_end = .)
                0x080040b8                        . = ALIGN (0x4)

.init_array     0x080040b8        0x4
                0x080040b8                        . = ALIGN (0x4)
                0x080040b8                        PROVIDE (__init_array_start = .)
 *(SORT_BY_NAME(.init_array.*))
 *(.init_array*)
 .init_array    0x080040b8        0x4 /opt/st/stm32cubeide_1.15.1/plugins/com.st.stm32cube.ide.mcu.externaltools.gnu-tools-for-stm32.12.3.rel1.linux64_1.0.100.202403111256/tools/bin/../lib/gcc/arm-none-eabi/12.3.1/thumb/v7e-m+dp/hard/crtbegin.o
                0x080040bc                        PROVIDE (__init_array_end = .)
                0x080040bc                        . = ALIGN (0x4)

.fini_array     0x080040bc        0x4
                0x080040bc                        . = ALIGN (0x4)
                [!provide]                        PROVIDE (__fini_array_start = .)
 *(SORT_BY_NAME(.fini_array.*))
 *(.fini_array*)
 .fini_array    0x080040bc        0x4 /opt/st/stm32cubeide_1.15.1/plugins/com.st.stm32cube.ide.mcu.externaltools.gnu-tools-for-stm32.12.3.rel1.linux64_1.0.100.202403111256/tools/bin/../lib/gcc/arm-none-eabi/12.3.1/thumb/v7e-m+dp/hard/crtbegin.o
                [!provide]                        PROVIDE (__fini_array_end = .)
                0x080040c0                        . = ALIGN (0x4)
                0x080040c0                        _sidata = LOADADDR (.data)

.data           0x20000000        0xc load address 0x080040c0
                0x20000000                        . = ALIGN (0x4)
                0x20000000                        _sdata = .
 *(.data)
 *(.data*)
 .data.SystemCoreClock
                0x20000000        0x4 ./Core/Src/system_stm32f7xx.o
                0x20000000                SystemCoreClock
 .data.uwTickPrio
                0x20000004        0x4 ./Drivers/STM32F7xx_HAL_Driver/Src/stm32f7xx_hal.o
                0x20000004                uwTickPrio
 .data.uwTickFreq
                0x20000008        0x1 ./Drivers/STM32F7xx_HAL_Driver/Src/stm32f7xx_hal.o
                0x20000008                uwTickFreq
 *(.RamFunc)
 *(.RamFunc*)
                0x2000000c                        . = ALIGN (0x4)
 *fill*         0x20000009        0x3 
                0x2000000c                        _edata = .

.igot.plt       0x2000000c        0x0 load address 0x080040cc
 .igot.plt      0x2000000c        0x0 /opt/st/stm32cubeide_1.15.1/plugins/com.st.stm32cube.ide.mcu.externaltools.gnu-tools-for-stm32.12.3.rel1.linux64_1.0.100.202403111256/tools/bin/../lib/gcc/arm-none-eabi/12.3.1/thumb/v7e-m+dp/hard/crtbegin.o

.RxDecripSection
                0x2000000c       0xa0 load address 0x080040cc
 .RxDecripSection
                0x2000000c       0xa0 ./Core/Src/main.o
                0x2000000c                DMARxDscrTab

.TxDecripSection
                0x200000ac       0xa0 load address 0x0800416c
 .TxDecripSection
                0x200000ac       0xa0 ./Core/Src/main.o
                0x200000ac                DMATxDscrTab
                0x2000014c                        . = ALIGN (0x4)

.bss            0x2000014c      0x678 load address 0x0800420c
                0x2000014c                        _sbss = .
                0x2000014c                        __bss_start__ = _sbss
 *(.bss)
 .bss           0x2000014c       0x1c /opt/st/stm32cubeide_1.15.1/plugins/com.st.stm32cube.ide.mcu.externaltools.gnu-tools-for-stm32.12.3.rel1.linux64_1.0.100.202403111256/tools/bin/../lib/gcc/arm-none-eabi/12.3.1/thumb/v7e-m+dp/hard/crtbegin.o
 *(.bss*)
 .bss.TxConfig  0x20000168       0x38 ./Core/Src/main.o
                0x20000168                TxConfig
 .bss.heth      0x200001a0       0xb0 ./Core/Src/main.o
                0x200001a0                heth
 .bss.huart3    0x20000250       0x88 ./Core/Src/main.o
                0x20000250                huart3
 .bss.hpcd_USB_OTG_FS
                0x200002d8      0x4e0 ./Core/Src/main.o
                0x200002d8                hpcd_USB_OTG_FS
 .bss.MACAddr.0
                0x200007b8        0x6 ./Core/Src/main.o
 *fill*         0x200007be        0x2 
 .bss.uwTick    0x200007c0        0x4 ./Drivers/STM32F7xx_HAL_Driver/Src/stm32f7xx_hal.o
                0x200007c0                uwTick
 *(COMMON)
                0x200007c4                        . = ALIGN (0x4)
                0x200007c4                        _ebss = .
                0x200007c4                        __bss_end__ = _ebss

._user_heap_stack
                0x200007c4      0x604 load address 0x0800420c
                0x200007c8                        . = ALIGN (0x8)
 *fill*         0x200007c4        0x4 
                [!provide]                        PROVIDE (end = .)
                0x200007c8                        PROVIDE (_end = .)
                0x200009c8                        . = (. + _Min_Heap_Size)
 *fill*         0x200007c8      0x200 
                0x20000dc8                        . = (. + _Min_Stack_Size)
 *fill*         0x200009c8      0x400 
                0x20000dc8                        . = ALIGN (0x8)

/DISCARD/
 libc.a(*)
 libm.a(*)
 libgcc.a(*)

.ARM.attributes
                0x00000000       0x2e
 *(.ARM.attributes)
 .ARM.attributes
                0x00000000       0x20 /opt/st/stm32cubeide_1.15.1/plugins/com.st.stm32cube.ide.mcu.externaltools.gnu-tools-for-stm32.12.3.rel1.linux64_1.0.100.202403111256/tools/bin/../lib/gcc/arm-none-eabi/12.3.1/thumb/v7e-m+dp/hard/crti.o
 .ARM.attributes
                0x00000020       0x32 /opt/st/stm32cubeide_1.15.1/plugins/com.st.stm32cube.ide.mcu.externaltools.gnu-tools-for-stm32.12.3.rel1.linux64_1.0.100.202403111256/tools/bin/../lib/gcc/arm-none-eabi/12.3.1/thumb/v7e-m+dp/hard/crtbegin.o
 .ARM.attributes
                0x00000052       0x32 ./Core/Src/main.o
 .ARM.attributes
                0x00000084       0x32 ./Core/Src/stm32f7xx_hal_msp.o
 .ARM.attributes
                0x000000b6       0x32 ./Core/Src/stm32f7xx_it.o
 .ARM.attributes
                0x000000e8       0x32 ./Core/Src/system_stm32f7xx.o
 .ARM.attributes
                0x0000011a       0x21 ./Core/Startup/startup_stm32f767zitx.o
 .ARM.attributes
                0x0000013b       0x32 ./Drivers/STM32F7xx_HAL_Driver/Src/stm32f7xx_hal.o
 .ARM.attributes
                0x0000016d       0x32 ./Drivers/STM32F7xx_HAL_Driver/Src/stm32f7xx_hal_cortex.o
 .ARM.attributes
                0x0000019f       0x32 ./Drivers/STM32F7xx_HAL_Driver/Src/stm32f7xx_hal_eth.o
 .ARM.attributes
                0x000001d1       0x32 ./Drivers/STM32F7xx_HAL_Driver/Src/stm32f7xx_hal_gpio.o
 .ARM.attributes
                0x00000203       0x32 ./Drivers/STM32F7xx_HAL_Driver/Src/stm32f7xx_hal_pcd.o
 .ARM.attributes
                0x00000235       0x32 ./Drivers/STM32F7xx_HAL_Driver/Src/stm32f7xx_hal_pcd_ex.o
 .ARM.attributes
                0x00000267       0x32 ./Drivers/STM32F7xx_HAL_Driver/Src/stm32f7xx_hal_pwr.o
 .ARM.attributes
                0x00000299       0x32 ./Drivers/STM32F7xx_HAL_Driver/Src/stm32f7xx_hal_pwr_ex.o
 .ARM.attributes
                0x000002cb       0x32 ./Drivers/STM32F7xx_HAL_Driver/Src/stm32f7xx_hal_rcc.o
 .ARM.attributes
                0x000002fd       0x32 ./Drivers/STM32F7xx_HAL_Driver/Src/stm32f7xx_hal_rcc_ex.o
 .ARM.attributes
                0x0000032f       0x32 ./Drivers/STM32F7xx_HAL_Driver/Src/stm32f7xx_hal_uart.o
 .ARM.attributes
                0x00000361       0x32 ./Drivers/STM32F7xx_HAL_Driver/Src/stm32f7xx_ll_usb.o
 .ARM.attributes
                0x00000393       0x32 /opt/st/stm32cubeide_1.15.1/plugins/com.st.stm32cube.ide.mcu.externaltools.gnu-tools-for-stm32.12.3.rel1.linux64_1.0.100.202403111256/tools/bin/../lib/gcc/arm-none-eabi/12.3.1/../../../../arm-none-eabi/lib/thumb/v7e-m+dp/hard/libc_nano.a(libc_a-memset.o)
 .ARM.attributes
                0x000003c5       0x32 /opt/st/stm32cubeide_1.15.1/plugins/com.st.stm32cube.ide.mcu.externaltools.gnu-tools-for-stm32.12.3.rel1.linux64_1.0.100.202403111256/tools/bin/../lib/gcc/arm-none-eabi/12.3.1/../../../../arm-none-eabi/lib/thumb/v7e-m+dp/hard/libc_nano.a(libc_a-init.o)
 .ARM.attributes
                0x000003f7       0x20 /opt/st/stm32cubeide_1.15.1/plugins/com.st.stm32cube.ide.mcu.externaltools.gnu-tools-for-stm32.12.3.rel1.linux64_1.0.100.202403111256/tools/bin/../lib/gcc/arm-none-eabi/12.3.1/thumb/v7e-m+dp/hard/libgcc.a(_aeabi_uldivmod.o)
 .ARM.attributes
                0x00000417       0x32 /opt/st/stm32cubeide_1.15.1/plugins/com.st.stm32cube.ide.mcu.externaltools.gnu-tools-for-stm32.12.3.rel1.linux64_1.0.100.202403111256/tools/bin/../lib/gcc/arm-none-eabi/12.3.1/thumb/v7e-m+dp/hard/libgcc.a(_udivmoddi4.o)
 .ARM.attributes
                0x00000449       0x20 /opt/st/stm32cubeide_1.15.1/plugins/com.st.stm32cube.ide.mcu.externaltools.gnu-tools-for-stm32.12.3.rel1.linux64_1.0.100.202403111256/tools/bin/../lib/gcc/arm-none-eabi/12.3.1/thumb/v7e-m+dp/hard/libgcc.a(_dvmd_tls.o)
 .ARM.attributes
                0x00000469       0x20 /opt/st/stm32cubeide_1.15.1/plugins/com.st.stm32cube.ide.mcu.externaltools.gnu-tools-for-stm32.12.3.rel1.linux64_1.0.100.202403111256/tools/bin/../lib/gcc/arm-none-eabi/12.3.1/thumb/v7e-m+dp/hard/crtn.o
OUTPUT(stm32_test.elf elf32-littlearm)
LOAD linker stubs
LOAD /opt/st/stm32cubeide_1.15.1/plugins/com.st.stm32cube.ide.mcu.externaltools.gnu-tools-for-stm32.12.3.rel1.linux64_1.0.100.202403111256/tools/bin/../lib/gcc/arm-none-eabi/12.3.1/../../../../arm-none-eabi/lib/thumb/v7e-m+dp/hard/libc.a
LOAD /opt/st/stm32cubeide_1.15.1/plugins/com.st.stm32cube.ide.mcu.externaltools.gnu-tools-for-stm32.12.3.rel1.linux64_1.0.100.202403111256/tools/bin/../lib/gcc/arm-none-eabi/12.3.1/../../../../arm-none-eabi/lib/thumb/v7e-m+dp/hard/libm.a
LOAD /opt/st/stm32cubeide_1.15.1/plugins/com.st.stm32cube.ide.mcu.externaltools.gnu-tools-for-stm32.12.3.rel1.linux64_1.0.100.202403111256/tools/bin/../lib/gcc/arm-none-eabi/12.3.1/thumb/v7e-m+dp/hard/libgcc.a

.debug_info     0x00000000    0x11792
 .debug_info    0x00000000     0x1d3a ./Core/Src/main.o
 .debug_info    0x00001d3a     0x1b97 ./Core/Src/stm32f7xx_hal_msp.o
 .debug_info    0x000038d1      0x112 ./Core/Src/stm32f7xx_it.o
 .debug_info    0x000039e3      0x6ed ./Core/Src/system_stm32f7xx.o
 .debug_info    0x000040d0       0x30 ./Core/Startup/startup_stm32f767zitx.o
 .debug_info    0x00004100      0xa4c ./Drivers/STM32F7xx_HAL_Driver/Src/stm32f7xx_hal.o
 .debug_info    0x00004b4c      0xfc0 ./Drivers/STM32F7xx_HAL_Driver/Src/stm32f7xx_hal_cortex.o
 .debug_info    0x00005b0c     0x218c ./Drivers/STM32F7xx_HAL_Driver/Src/stm32f7xx_hal_eth.o
 .debug_info    0x00007c98      0x6f3 ./Drivers/STM32F7xx_HAL_Driver/Src/stm32f7xx_hal_gpio.o
 .debug_info    0x0000838b     0x1599 ./Drivers/STM32F7xx_HAL_Driver/Src/stm32f7xx_hal_pcd.o
 .debug_info    0x00009924      0x7a3 ./Drivers/STM32F7xx_HAL_Driver/Src/stm32f7xx_hal_pcd_ex.o
 .debug_info    0x0000a0c7      0x90e ./Drivers/STM32F7xx_HAL_Driver/Src/stm32f7xx_hal_pwr.o
 .debug_info    0x0000a9d5      0x8cd ./Drivers/STM32F7xx_HAL_Driver/Src/stm32f7xx_hal_pwr_ex.o
 .debug_info    0x0000b2a2      0x937 ./Drivers/STM32F7xx_HAL_Driver/Src/stm32f7xx_hal_rcc.o
 .debug_info    0x0000bbd9      0x6e1 ./Drivers/STM32F7xx_HAL_Driver/Src/stm32f7xx_hal_rcc_ex.o
 .debug_info    0x0000c2ba     0x3adc ./Drivers/STM32F7xx_HAL_Driver/Src/stm32f7xx_hal_uart.o
 .debug_info    0x0000fd96     0x19fc ./Drivers/STM32F7xx_HAL_Driver/Src/stm32f7xx_ll_usb.o

.debug_abbrev   0x00000000     0x2473
 .debug_abbrev  0x00000000      0x353 ./Core/Src/main.o
 .debug_abbrev  0x00000353      0x27d ./Core/Src/stm32f7xx_hal_msp.o
 .debug_abbrev  0x000005d0       0x73 ./Core/Src/stm32f7xx_it.o
 .debug_abbrev  0x00000643      0x13b ./Core/Src/system_stm32f7xx.o
 .debug_abbrev  0x0000077e       0x24 ./Core/Startup/startup_stm32f767zitx.o
 .debug_abbrev  0x000007a2      0x213 ./Drivers/STM32F7xx_HAL_Driver/Src/stm32f7xx_hal.o
 .debug_abbrev  0x000009b5      0x31e ./Drivers/STM32F7xx_HAL_Driver/Src/stm32f7xx_hal_cortex.o
 .debug_abbrev  0x00000cd3      0x35a ./Drivers/STM32F7xx_HAL_Driver/Src/stm32f7xx_hal_eth.o
 .debug_abbrev  0x0000102d      0x1d4 ./Drivers/STM32F7xx_HAL_Driver/Src/stm32f7xx_hal_gpio.o
 .debug_abbrev  0x00001201      0x2ee ./Drivers/STM32F7xx_HAL_Driver/Src/stm32f7xx_hal_pcd.o
 .debug_abbrev  0x000014ef      0x1ca ./Drivers/STM32F7xx_HAL_Driver/Src/stm32f7xx_hal_pcd_ex.o
 .debug_abbrev  0x000016b9      0x1c5 ./Drivers/STM32F7xx_HAL_Driver/Src/stm32f7xx_hal_pwr.o
 .debug_abbrev  0x0000187e      0x1d5 ./Drivers/STM32F7xx_HAL_Driver/Src/stm32f7xx_hal_pwr_ex.o
 .debug_abbrev  0x00001a53      0x2de ./Drivers/STM32F7xx_HAL_Driver/Src/stm32f7xx_hal_rcc.o
 .debug_abbrev  0x00001d31      0x1c9 ./Drivers/STM32F7xx_HAL_Driver/Src/stm32f7xx_hal_rcc_ex.o
 .debug_abbrev  0x00001efa      0x2e6 ./Drivers/STM32F7xx_HAL_Driver/Src/stm32f7xx_hal_uart.o
 .debug_abbrev  0x000021e0      0x293 ./Drivers/STM32F7xx_HAL_Driver/Src/stm32f7xx_ll_usb.o

.debug_aranges  0x00000000      0xd20
 .debug_aranges
                0x00000000       0x58 ./Core/Src/main.o
 .debug_aranges
                0x00000058       0x50 ./Core/Src/stm32f7xx_hal_msp.o
 .debug_aranges
                0x000000a8       0x60 ./Core/Src/stm32f7xx_it.o
 .debug_aranges
                0x00000108       0x28 ./Core/Src/system_stm32f7xx.o
 .debug_aranges
                0x00000130       0x28 ./Core/Startup/startup_stm32f767zitx.o
 .debug_aranges
                0x00000158      0x110 ./Drivers/STM32F7xx_HAL_Driver/Src/stm32f7xx_hal.o
 .debug_aranges
                0x00000268      0x128 ./Drivers/STM32F7xx_HAL_Driver/Src/stm32f7xx_hal_cortex.o
 .debug_aranges
                0x00000390      0x1e0 ./Drivers/STM32F7xx_HAL_Driver/Src/stm32f7xx_hal_eth.o
 .debug_aranges
                0x00000570       0x58 ./Drivers/STM32F7xx_HAL_Driver/Src/stm32f7xx_hal_gpio.o
 .debug_aranges
                0x000005c8      0x148 ./Drivers/STM32F7xx_HAL_Driver/Src/stm32f7xx_hal_pcd.o
 .debug_aranges
                0x00000710       0x48 ./Drivers/STM32F7xx_HAL_Driver/Src/stm32f7xx_hal_pcd_ex.o
 .debug_aranges
                0x00000758       0xa0 ./Drivers/STM32F7xx_HAL_Driver/Src/stm32f7xx_hal_pwr.o
 .debug_aranges
                0x000007f8       0x80 ./Drivers/STM32F7xx_HAL_Driver/Src/stm32f7xx_hal_pwr_ex.o
 .debug_aranges
                0x00000878       0x88 ./Drivers/STM32F7xx_HAL_Driver/Src/stm32f7xx_hal_rcc.o
 .debug_aranges
                0x00000900       0x50 ./Drivers/STM32F7xx_HAL_Driver/Src/stm32f7xx_hal_rcc_ex.o
 .debug_aranges
                0x00000950      0x230 ./Drivers/STM32F7xx_HAL_Driver/Src/stm32f7xx_hal_uart.o
 .debug_aranges
                0x00000b80      0x1a0 ./Drivers/STM32F7xx_HAL_Driver/Src/stm32f7xx_ll_usb.o

.debug_rnglists
                0x00000000      0xa18
 .debug_rnglists
                0x00000000       0x42 ./Core/Src/main.o
 .debug_rnglists
                0x00000042       0x3a ./Core/Src/stm32f7xx_hal_msp.o
 .debug_rnglists
                0x0000007c       0x43 ./Core/Src/stm32f7xx_it.o
 .debug_rnglists
                0x000000bf       0x1a ./Core/Src/system_stm32f7xx.o
 .debug_rnglists
                0x000000d9       0x19 ./Core/Startup/startup_stm32f767zitx.o
 .debug_rnglists
                0x000000f2       0xc7 ./Drivers/STM32F7xx_HAL_Driver/Src/stm32f7xx_hal.o
 .debug_rnglists
                0x000001b9       0xda ./Drivers/STM32F7xx_HAL_Driver/Src/stm32f7xx_hal_cortex.o
 .debug_rnglists
                0x00000293      0x17d ./Drivers/STM32F7xx_HAL_Driver/Src/stm32f7xx_hal_eth.o
 .debug_rnglists
                0x00000410       0x3f ./Drivers/STM32F7xx_HAL_Driver/Src/stm32f7xx_hal_gpio.o
 .debug_rnglists
                0x0000044f       0xfa ./Drivers/STM32F7xx_HAL_Driver/Src/stm32f7xx_hal_pcd.o
 .debug_rnglists
                0x00000549       0x32 ./Drivers/STM32F7xx_HAL_Driver/Src/stm32f7xx_hal_pcd_ex.o
 .debug_rnglists
                0x0000057b       0x74 ./Drivers/STM32F7xx_HAL_Driver/Src/stm32f7xx_hal_pwr.o
 .debug_rnglists
                0x000005ef       0x5f ./Drivers/STM32F7xx_HAL_Driver/Src/stm32f7xx_hal_pwr_ex.o
 .debug_rnglists
                0x0000064e       0x67 ./Drivers/STM32F7xx_HAL_Driver/Src/stm32f7xx_hal_rcc.o
 .debug_rnglists
                0x000006b5       0x3c ./Drivers/STM32F7xx_HAL_Driver/Src/stm32f7xx_hal_rcc_ex.o
 .debug_rnglists
                0x000006f1      0x1e0 ./Drivers/STM32F7xx_HAL_Driver/Src/stm32f7xx_hal_uart.o
 .debug_rnglists
                0x000008d1      0x147 ./Drivers/STM32F7xx_HAL_Driver/Src/stm32f7xx_ll_usb.o

.debug_macro    0x00000000    0x28499
 .debug_macro   0x00000000      0x2e3 ./Core/Src/main.o
 .debug_macro   0x000002e3      0xacc ./Core/Src/main.o
 .debug_macro   0x00000daf      0x299 ./Core/Src/main.o
 .debug_macro   0x00001048       0x2e ./Core/Src/main.o
 .debug_macro   0x00001076       0x3b ./Core/Src/main.o
 .debug_macro   0x000010b1       0x22 ./Core/Src/main.o
 .debug_macro   0x000010d3       0x8e ./Core/Src/main.o
 .debug_macro   0x00001161       0x51 ./Core/Src/main.o
 .debug_macro   0x000011b2      0x103 ./Core/Src/main.o
 .debug_macro   0x000012b5       0x6a ./Core/Src/main.o
 .debug_macro   0x0000131f      0x1df ./Core/Src/main.o
 .debug_macro   0x000014fe       0x1c ./Core/Src/main.o
 .debug_macro   0x0000151a       0x22 ./Core/Src/main.o
 .debug_macro   0x0000153c       0xd9 ./Core/Src/main.o
 .debug_macro   0x00001615     0x12cd ./Core/Src/main.o
 .debug_macro   0x000028e2      0x11f ./Core/Src/main.o
 .debug_macro   0x00002a01       0x19 ./Core/Src/main.o
 .debug_macro   0x00002a1a    0x1aa23 ./Core/Src/main.o
 .debug_macro   0x0001d43d       0x6d ./Core/Src/main.o
 .debug_macro   0x0001d4aa     0x3765 ./Core/Src/main.o
 .debug_macro   0x00020c0f      0x189 ./Core/Src/main.o
 .debug_macro   0x00020d98       0x63 ./Core/Src/main.o
 .debug_macro   0x00020dfb     0x1add ./Core/Src/main.o
 .debug_macro   0x000228d8      0x6c4 ./Core/Src/main.o
 .debug_macro   0x00022f9c      0x18b ./Core/Src/main.o
 .debug_macro   0x00023127      0x115 ./Core/Src/main.o
 .debug_macro   0x0002323c      0x26e ./Core/Src/main.o
 .debug_macro   0x000234aa       0xa5 ./Core/Src/main.o
 .debug_macro   0x0002354f      0x24f ./Core/Src/main.o
 .debug_macro   0x0002379e       0x71 ./Core/Src/main.o
 .debug_macro   0x0002380f       0x58 ./Core/Src/main.o
 .debug_macro   0x00023867      0x236 ./Core/Src/main.o
 .debug_macro   0x00023a9d      0xb99 ./Core/Src/main.o
 .debug_macro   0x00024636      0x14e ./Core/Src/main.o
 .debug_macro   0x00024784      0x3db ./Core/Src/main.o
 .debug_macro   0x00024b5f       0x12 ./Core/Src/main.o
 .debug_macro   0x00024b71      0x22c ./Core/Src/main.o
 .debug_macro   0x00024d9d       0x61 ./Core/Src/main.o
 .debug_macro   0x00024dfe       0xa5 ./Core/Src/main.o
 .debug_macro   0x00024ea3      0x12e ./Core/Src/main.o
 .debug_macro   0x00024fd1      0x108 ./Core/Src/main.o
 .debug_macro   0x000250d9       0x35 ./Core/Src/main.o
 .debug_macro   0x0002510e      0x5ba ./Core/Src/main.o
 .debug_macro   0x000256c8       0x44 ./Core/Src/main.o
 .debug_macro   0x0002570c      0x2cb ./Core/Src/main.o
 .debug_macro   0x000259d7       0xba ./Core/Src/main.o
 .debug_macro   0x00025a91      0x15b ./Core/Src/main.o
 .debug_macro   0x00025bec      0x124 ./Core/Src/main.o
 .debug_macro   0x00025d10       0x61 ./Core/Src/main.o
 .debug_macro   0x00025d71       0x29 ./Core/Src/main.o
 .debug_macro   0x00025d9a       0x43 ./Core/Src/main.o
 .debug_macro   0x00025ddd       0x34 ./Core/Src/main.o
 .debug_macro   0x00025e11       0x16 ./Core/Src/main.o
 .debug_macro   0x00025e27       0x43 ./Core/Src/main.o
 .debug_macro   0x00025e6a       0x34 ./Core/Src/main.o
 .debug_macro   0x00025e9e       0x10 ./Core/Src/main.o
 .debug_macro   0x00025eae       0x58 ./Core/Src/main.o
 .debug_macro   0x00025f06       0x8e ./Core/Src/main.o
 .debug_macro   0x00025f94       0x1c ./Core/Src/main.o
 .debug_macro   0x00025fb0      0x177 ./Core/Src/main.o
 .debug_macro   0x00026127      0x369 ./Core/Src/main.o
 .debug_macro   0x00026490       0x10 ./Core/Src/main.o
 .debug_macro   0x000264a0       0x35 ./Core/Src/main.o
 .debug_macro   0x000264d5       0x20 ./Core/Src/main.o
 .debug_macro   0x000264f5       0x22 ./Core/Src/main.o
 .debug_macro   0x00026517      0x20c ./Core/Src/stm32f7xx_hal_msp.o
 .debug_macro   0x00026723      0x216 ./Core/Src/stm32f7xx_it.o
 .debug_macro   0x00026939      0x1fd ./Core/Src/system_stm32f7xx.o
 .debug_macro   0x00026b36      0x221 ./Drivers/STM32F7xx_HAL_Driver/Src/stm32f7xx_hal.o
 .debug_macro   0x00026d57      0x1fd ./Drivers/STM32F7xx_HAL_Driver/Src/stm32f7xx_hal_cortex.o
 .debug_macro   0x00026f54      0x2d7 ./Drivers/STM32F7xx_HAL_Driver/Src/stm32f7xx_hal_eth.o
 .debug_macro   0x0002722b      0x203 ./Drivers/STM32F7xx_HAL_Driver/Src/stm32f7xx_hal_gpio.o
 .debug_macro   0x0002742e      0x209 ./Drivers/STM32F7xx_HAL_Driver/Src/stm32f7xx_hal_pcd.o
 .debug_macro   0x00027637      0x1fd ./Drivers/STM32F7xx_HAL_Driver/Src/stm32f7xx_hal_pcd_ex.o
 .debug_macro   0x00027834      0x21b ./Drivers/STM32F7xx_HAL_Driver/Src/stm32f7xx_hal_pwr.o
 .debug_macro   0x00027a4f      0x215 ./Drivers/STM32F7xx_HAL_Driver/Src/stm32f7xx_hal_pwr_ex.o
 .debug_macro   0x00027c64      0x221 ./Drivers/STM32F7xx_HAL_Driver/Src/stm32f7xx_hal_rcc.o
 .debug_macro   0x00027e85      0x1fd ./Drivers/STM32F7xx_HAL_Driver/Src/stm32f7xx_hal_rcc_ex.o
 .debug_macro   0x00028082      0x21a ./Drivers/STM32F7xx_HAL_Driver/Src/stm32f7xx_hal_uart.o
 .debug_macro   0x0002829c      0x1fd ./Drivers/STM32F7xx_HAL_Driver/Src/stm32f7xx_ll_usb.o

.debug_line     0x00000000     0xf965
 .debug_line    0x00000000      0xa6a ./Core/Src/main.o
 .debug_line    0x00000a6a      0x842 ./Core/Src/stm32f7xx_hal_msp.o
 .debug_line    0x000012ac      0x7ae ./Core/Src/stm32f7xx_it.o
 .debug_line    0x00001a5a      0x76e ./Core/Src/system_stm32f7xx.o
 .debug_line    0x000021c8       0x7a ./Core/Startup/startup_stm32f767zitx.o
 .debug_line    0x00002242      0xa3e ./Drivers/STM32F7xx_HAL_Driver/Src/stm32f7xx_hal.o
 .debug_line    0x00002c80      0xcb0 ./Drivers/STM32F7xx_HAL_Driver/Src/stm32f7xx_hal_cortex.o
 .debug_line    0x00003930     0x19ce ./Drivers/STM32F7xx_HAL_Driver/Src/stm32f7xx_hal_eth.o
 .debug_line    0x000052fe      0xb94 ./Drivers/STM32F7xx_HAL_Driver/Src/stm32f7xx_hal_gpio.o
 .debug_line    0x00005e92     0x1466 ./Drivers/STM32F7xx_HAL_Driver/Src/stm32f7xx_hal_pcd.o
 .debug_line    0x000072f8      0x80d ./Drivers/STM32F7xx_HAL_Driver/Src/stm32f7xx_hal_pcd_ex.o
 .debug_line    0x00007b05      0x912 ./Drivers/STM32F7xx_HAL_Driver/Src/stm32f7xx_hal_pwr.o
 .debug_line    0x00008417      0x992 ./Drivers/STM32F7xx_HAL_Driver/Src/stm32f7xx_hal_pwr_ex.o
 .debug_line    0x00008da9      0xe6e ./Drivers/STM32F7xx_HAL_Driver/Src/stm32f7xx_hal_rcc.o
 .debug_line    0x00009c17      0xe45 ./Drivers/STM32F7xx_HAL_Driver/Src/stm32f7xx_hal_rcc_ex.o
 .debug_line    0x0000aa5c     0x317f ./Drivers/STM32F7xx_HAL_Driver/Src/stm32f7xx_hal_uart.o
 .debug_line    0x0000dbdb     0x1d8a ./Drivers/STM32F7xx_HAL_Driver/Src/stm32f7xx_ll_usb.o

.debug_str      0x00000000    0xf8e3d
 .debug_str     0x00000000    0xf48da ./Core/Src/main.o
                              0xf50da (size before relaxing)
 .debug_str     0x000f48da      0x33d ./Core/Src/stm32f7xx_hal_msp.o
                              0xf1ee1 (size before relaxing)
 .debug_str     0x000f4c17       0xc9 ./Core/Src/stm32f7xx_it.o
                              0xf0cd3 (size before relaxing)
 .debug_str     0x000f4ce0      0x190 ./Core/Src/system_stm32f7xx.o
                              0xf0a2d (size before relaxing)
 .debug_str     0x000f4e70       0x44 ./Core/Startup/startup_stm32f767zitx.o
                                 0x73 (size before relaxing)
 .debug_str     0x000f4eb4      0xa90 ./Drivers/STM32F7xx_HAL_Driver/Src/stm32f7xx_hal.o
                              0xf146d (size before relaxing)
 .debug_str     0x000f5944      0x376 ./Drivers/STM32F7xx_HAL_Driver/Src/stm32f7xx_hal_cortex.o
                              0xf144f (size before relaxing)
 .debug_str     0x000f5cba     0x1222 ./Drivers/STM32F7xx_HAL_Driver/Src/stm32f7xx_hal_eth.o
                              0xf224e (size before relaxing)
 .debug_str     0x000f6edc       0xd5 ./Drivers/STM32F7xx_HAL_Driver/Src/stm32f7xx_hal_gpio.o
                              0xf0aeb (size before relaxing)
 .debug_str     0x000f6fb1      0x81d ./Drivers/STM32F7xx_HAL_Driver/Src/stm32f7xx_hal_pcd.o
                              0xf1466 (size before relaxing)
 .debug_str     0x000f77ce      0x12d ./Drivers/STM32F7xx_HAL_Driver/Src/stm32f7xx_hal_pcd_ex.o
                              0xf0d68 (size before relaxing)
 .debug_str     0x000f78fb      0x2ac ./Drivers/STM32F7xx_HAL_Driver/Src/stm32f7xx_hal_pwr.o
                              0xf0cce (size before relaxing)
 .debug_str     0x000f7ba7      0x1bd ./Drivers/STM32F7xx_HAL_Driver/Src/stm32f7xx_hal_pwr_ex.o
                              0xf0c9c (size before relaxing)
 .debug_str     0x000f7d64      0x245 ./Drivers/STM32F7xx_HAL_Driver/Src/stm32f7xx_hal_rcc.o
                              0xf0da8 (size before relaxing)
 .debug_str     0x000f7fa9      0x13f ./Drivers/STM32F7xx_HAL_Driver/Src/stm32f7xx_hal_rcc_ex.o
                              0xf0d0b (size before relaxing)
 .debug_str     0x000f80e8      0x8aa ./Drivers/STM32F7xx_HAL_Driver/Src/stm32f7xx_hal_uart.o
                              0xf16f6 (size before relaxing)
 .debug_str     0x000f8992      0x4ab ./Drivers/STM32F7xx_HAL_Driver/Src/stm32f7xx_ll_usb.o
                              0xf1343 (size before relaxing)

.comment        0x00000000       0x43
 .comment       0x00000000       0x43 ./Core/Src/main.o
                                 0x44 (size before relaxing)
 .comment       0x00000043       0x44 ./Core/Src/stm32f7xx_hal_msp.o
 .comment       0x00000043       0x44 ./Core/Src/stm32f7xx_it.o
 .comment       0x00000043       0x44 ./Core/Src/system_stm32f7xx.o
 .comment       0x00000043       0x44 ./Drivers/STM32F7xx_HAL_Driver/Src/stm32f7xx_hal.o
 .comment       0x00000043       0x44 ./Drivers/STM32F7xx_HAL_Driver/Src/stm32f7xx_hal_cortex.o
 .comment       0x00000043       0x44 ./Drivers/STM32F7xx_HAL_Driver/Src/stm32f7xx_hal_eth.o
 .comment       0x00000043       0x44 ./Drivers/STM32F7xx_HAL_Driver/Src/stm32f7xx_hal_gpio.o
 .comment       0x00000043       0x44 ./Drivers/STM32F7xx_HAL_Driver/Src/stm32f7xx_hal_pcd.o
 .comment       0x00000043       0x44 ./Drivers/STM32F7xx_HAL_Driver/Src/stm32f7xx_hal_pcd_ex.o
 .comment       0x00000043       0x44 ./Drivers/STM32F7xx_HAL_Driver/Src/stm32f7xx_hal_pwr.o
 .comment       0x00000043       0x44 ./Drivers/STM32F7xx_HAL_Driver/Src/stm32f7xx_hal_pwr_ex.o
 .comment       0x00000043       0x44 ./Drivers/STM32F7xx_HAL_Driver/Src/stm32f7xx_hal_rcc.o
 .comment       0x00000043       0x44 ./Drivers/STM32F7xx_HAL_Driver/Src/stm32f7xx_hal_rcc_ex.o
 .comment       0x00000043       0x44 ./Drivers/STM32F7xx_HAL_Driver/Src/stm32f7xx_hal_uart.o
 .comment       0x00000043       0x44 ./Drivers/STM32F7xx_HAL_Driver/Src/stm32f7xx_ll_usb.o

.debug_frame    0x00000000     0x369c
 .debug_frame   0x00000000      0x108 ./Core/Src/main.o
 .debug_frame   0x00000108      0x118 ./Core/Src/stm32f7xx_hal_msp.o
 .debug_frame   0x00000220      0x104 ./Core/Src/stm32f7xx_it.o
 .debug_frame   0x00000324       0x58 ./Core/Src/system_stm32f7xx.o
 .debug_frame   0x0000037c      0x3f4 ./Drivers/STM32F7xx_HAL_Driver/Src/stm32f7xx_hal.o
 .debug_frame   0x00000770      0x4e8 ./Drivers/STM32F7xx_HAL_Driver/Src/stm32f7xx_hal_cortex.o
 .debug_frame   0x00000c58      0x898 ./Drivers/STM32F7xx_HAL_Driver/Src/stm32f7xx_hal_eth.o
 .debug_frame   0x000014f0      0x14c ./Drivers/STM32F7xx_HAL_Driver/Src/stm32f7xx_hal_gpio.o
 .debug_frame   0x0000163c      0x5b8 ./Drivers/STM32F7xx_HAL_Driver/Src/stm32f7xx_hal_pcd.o
 .debug_frame   0x00001bf4      0x100 ./Drivers/STM32F7xx_HAL_Driver/Src/stm32f7xx_hal_pcd_ex.o
 .debug_frame   0x00001cf4      0x254 ./Drivers/STM32F7xx_HAL_Driver/Src/stm32f7xx_hal_pwr.o
 .debug_frame   0x00001f48      0x1c8 ./Drivers/STM32F7xx_HAL_Driver/Src/stm32f7xx_hal_pwr_ex.o
 .debug_frame   0x00002110      0x1f8 ./Drivers/STM32F7xx_HAL_Driver/Src/stm32f7xx_hal_rcc.o
 .debug_frame   0x00002308      0x118 ./Drivers/STM32F7xx_HAL_Driver/Src/stm32f7xx_hal_rcc_ex.o
 .debug_frame   0x00002420      0xa10 ./Drivers/STM32F7xx_HAL_Driver/Src/stm32f7xx_hal_uart.o
 .debug_frame   0x00002e30      0x7c0 ./Drivers/STM32F7xx_HAL_Driver/Src/stm32f7xx_ll_usb.o
 .debug_frame   0x000035f0       0x20 /opt/st/stm32cubeide_1.15.1/plugins/com.st.stm32cube.ide.mcu.externaltools.gnu-tools-for-stm32.12.3.rel1.linux64_1.0.100.202403111256/tools/bin/../lib/gcc/arm-none-eabi/12.3.1/../../../../arm-none-eabi/lib/thumb/v7e-m+dp/hard/libc_nano.a(libc_a-memset.o)
 .debug_frame   0x00003610       0x2c /opt/st/stm32cubeide_1.15.1/plugins/com.st.stm32cube.ide.mcu.externaltools.gnu-tools-for-stm32.12.3.rel1.linux64_1.0.100.202403111256/tools/bin/../lib/gcc/arm-none-eabi/12.3.1/../../../../arm-none-eabi/lib/thumb/v7e-m+dp/hard/libc_nano.a(libc_a-init.o)
 .debug_frame   0x0000363c       0x2c /opt/st/stm32cubeide_1.15.1/plugins/com.st.stm32cube.ide.mcu.externaltools.gnu-tools-for-stm32.12.3.rel1.linux64_1.0.100.202403111256/tools/bin/../lib/gcc/arm-none-eabi/12.3.1/thumb/v7e-m+dp/hard/libgcc.a(_aeabi_uldivmod.o)
 .debug_frame   0x00003668       0x34 /opt/st/stm32cubeide_1.15.1/plugins/com.st.stm32cube.ide.mcu.externaltools.gnu-tools-for-stm32.12.3.rel1.linux64_1.0.100.202403111256/tools/bin/../lib/gcc/arm-none-eabi/12.3.1/thumb/v7e-m+dp/hard/libgcc.a(_udivmoddi4.o)

.debug_line_str
                0x00000000       0x57
 .debug_line_str
                0x00000000       0x57 ./Core/Startup/startup_stm32f767zitx.o
